---
# Source: manufacturing-core-factory-sno-install/templates/core-service/core-service-sa.yaml
kind: ServiceAccount
apiVersion: v1
metadata:
  name: core-service
---
# Source: manufacturing-core-factory-sno-install/templates/registration-service/registration-service-sa.yaml
kind: ServiceAccount
apiVersion: v1
metadata:
  name: registration-service
---
# Source: manufacturing-core-factory-sno-install/templates/bootstrap/bootstrap-certificate-client.yaml
apiVersion: v1
data:
  bootstrap.ts: MIIEngIBAzCCBFcGCSqGSIb3DQEHAaCCBEgEggREMIIEQDCCBDwGCSqGSIb3DQEHBqCCBC0wggQpAgEAMIIEIgYJKoZIhvcNAQcBMCkGCiqGSIb3DQEMAQYwGwQUX7/Dm9yXLLYaXg7/aaZut5DoTUsCAwDDUICCA+gp8+g3ruYibfpwYf66Rb0S6UX9rAgVleKjL67igxgQUKtAP015mqdSG6hyV7fkaEmkpZIsCmYE3RQ8m/0yVAGDfUvUjZMmXMchQdbEDh1b7dXYtT7wUbBLbRRFJ15P9Dn1u6+8Hcdeq+pZxN8P7d0peHIvbHHl7qD94scHzDm+gGEZ6rW0yGDQ12yOrUyN1KOwQlUlsXHI+XkeYiyTRsDWi96s46hmG0JR0fMs/M51CuoF9WSdlpA45YM34LLj5PxxhRNz1IqHAVJAaf7nwJaFFo245sDw6sxCIXX+PxQ3+5omHHzsRpn8LkJeuqSrkwG/Z8N49zIOuEV4WZoHpxmiATHG+EeKMODQWEayCKzPK+iBTIDUJHqqCpwZ5L1La9YZ/CS4hw+m129mm/M+0x/L4cep4R40MnugLjstlU5W6REWYyHUZ556uWcWjWh9ANWKw0PMR6zXBe7JkLbi1H1lopA0aOZfvbmIOwDIJ0WJ9ilqUwfelSD7FzY+/8IKHKYxSSer/V89f2g6xV9Tur7WEnq0cGSTrW/swEWZtKCRnzdEp+DRCvgqF/zGNugZttsJ3BfK8RkwACu8tHsB3FMMZ9UN7puobcOT24Fi2V6c2pr/NolssXT3+uy8JUhFIqvUPiieVOw5jY9ZR12h1z46gW8OcRl4h65Go1iUy38uj276YlqUWTJQ6g99t3K5zf8XyyOfMHUk0pJ/2pzcD0eGVVwftb5zJmP5+0wzkmKGzsxDley1FIVGilxdP9wVDJP9kB2kQRnJ2Pp0nGlNhYTMA4S2UWE+un0speOxZnITmZm1lXfo+OfBeMsmVUpPyg26QxJTGZsoI0plTIula/j4cCeC7CHxWHI9Ou31bqFglfdVvYRVCdEAe3gHDabh2j4g1KXtH2qVbhJpEnORJ8kbczk1T/sfenrEiUG79n0Rltw30bYoSZQXksJJoZ3jlA57A/ickT+oqy5kc1nVSRQIQKmD+qNSGvghJh3qUQuHEkYTqco3DlSPp1FlCWbkcLk6YEBpIaj8VTPr3bIeIFrfnEz0Uw5Hkd9oi7/YutddXBUL8XdBAc3yGqxQ0+bKYp06OGLYZE0ID70Qjpt2bY2r7tQWpMS4eNHukBa+yOxDt4oP91mi02xY3Z4d+VirObhj+45VR91jv4UlnvUzlrbjv4gsdlPawtdeVqZ/41a5nkwm94E3LShrY7zvtncEAyInnWxaEPFDle4DELbK7c8cpemvYvP5Jkik4UH0Eysz30uw+zfM8/VieAKdMxOYGVrT81Tf2WQ5yOdJbYnecNbjdGjZ7Qg+8tAqXlwyJcHBmU+ShHpgYuo/MD4wITAJBgUrDgMCGgUABBTb4/cpuDLe8cQim0us4SuGw8JzJAQUPWWNsEb7LDHJTITaE9f/ibOKjEICAwGGoA==
kind: Secret
metadata:
  name: bootstrap-certificate-client
type: Opaque
---
# Source: manufacturing-core-factory-sno-install/templates/core-service/core-service-cm.yaml
apiVersion: v1
data:
  application.properties: |-
    quarkus.log.level=INFO
    qiot.factory.serial=abattagl02
    qiot.factory.name=abattagl02
    qiot.certstore.password=password
    plant-manager-api/mp-rest/url=https://plant-manager-service-manufacturing-dev.apps.cluster-4ktth.4ktth.sandbox1357.opentlc.com
    plant-manager-api/mp-rest/trustStore=/cert/bootstrap.ts
    plant-manager-api/mp-rest/trustStorePassword=password
    registration-service-api/mp-rest/url=http://registration-service:8080
    quarkus.kubernetes-client.namespace=default
kind: ConfigMap
metadata:
  name: core-service
---
# Source: manufacturing-core-factory-sno-install/templates/registration-service/registration-service-cm.yaml
apiVersion: v1
data:
  application.properties: |-
    quarkus.log.level=INFO
    quarkus.kubernetes-client.namespace=default
    qiot.cert-manager.issuer=factory
kind: ConfigMap
metadata:
  name: registration-service
---
# Source: manufacturing-core-factory-sno-install/templates/core-service/core-service-rolebinding.yaml
kind: RoleBinding
apiVersion: rbac.authorization.k8s.io/v1
metadata:
  name: core-service-privileged
  namespace: default
subjects:
  - kind: ServiceAccount
    name: core-service
    namespace: default
roleRef:
  apiGroup: rbac.authorization.k8s.io
  kind: ClusterRole
  name: admin
---
# Source: manufacturing-core-factory-sno-install/templates/registration-service/registration-service-rolebinding.yaml
kind: RoleBinding
apiVersion: rbac.authorization.k8s.io/v1
metadata:
  name: registration-service-privileged
  namespace: default
subjects:
  - kind: ServiceAccount
    name: registration-service
    namespace: default
roleRef:
  apiGroup: rbac.authorization.k8s.io
  kind: ClusterRole
  name: admin
---
# Source: manufacturing-core-factory-sno-install/templates/registration-service/registration-service-service.yaml
apiVersion: v1
kind: Service
metadata:
  labels:
    app: registration-service
  name: registration-service
spec:
  ipFamilies:
  - IPv4
  ipFamilyPolicy: SingleStack
  ports:
  - name: 8080-tcp
    port: 8080
    protocol: TCP
    targetPort: 8080
  selector:
    app: registration-service
    deploymentconfig: registration-service
  sessionAffinity: None
  type: ClusterIP
---
# Source: manufacturing-core-factory-sno-install/templates/core-service/core-service-deployment.yaml
apiVersion: apps/v1
kind: Deployment
metadata:
  name: core-service
spec:
  progressDeadlineSeconds: 600
  replicas: 1
  revisionHistoryLimit: 10
  selector:
    matchLabels:
      app: core-service
  strategy:
    rollingUpdate:
      maxSurge: 25%
      maxUnavailable: 25%
    type: RollingUpdate
  template:
    metadata:
      annotations:
        checksum/config: 28fdda8f96e832c497d58e4017976d444c6698b4c2b96715a6595baaba9305a2
      labels:
        app: core-service
        deploymentconfig: core-service
    spec:
      containers:
      - image: quay.io/qiotmanufacturing/factory-core
        imagePullPolicy: Always
        name: core-service
        ports:
        - containerPort: 8080
          protocol: TCP
        resources: {}
        terminationMessagePath: /dev/termination-log
        terminationMessagePolicy: File
        volumeMounts:
        - mountPath: /config
          name: core-service
        - mountPath: /cert/
          name: core-service-2
          readOnly: true
      dnsPolicy: ClusterFirst
      restartPolicy: Always
      serviceAccountName: core-service
      schedulerName: default-scheduler
      securityContext: {}
      terminationGracePeriodSeconds: 30
      volumes:
      - name: core-service
        configMap:
          defaultMode: 420
          name: core-service
      - name: core-service-2
        secret:
          defaultMode: 420
          secretName: bootstrap-certificate-client
---
# Source: manufacturing-core-factory-sno-install/templates/registration-service/registration-service-deployment.yaml
apiVersion: apps/v1
kind: Deployment
metadata:
  name: registration-service
spec:
  progressDeadlineSeconds: 600
  replicas: 1
  revisionHistoryLimit: 10
  selector:
    matchLabels:
      app: registration-service
  strategy:
    rollingUpdate:
      maxSurge: 25%
      maxUnavailable: 25%
    type: RollingUpdate
  template:
    metadata:
      annotations:
        checksum/config: 4f99c2bd81bb5fb3c2851d1bd7e148a8b061dd52bc32303ce81ffa5c1db4c9d0
      labels:
        app: registration-service
        deploymentconfig: registration-service
    spec:
      containers:
      - image: quay.io/qiotproject/all-registration
        imagePullPolicy: Always
        name: registration-service
        ports:
        - containerPort: 8080
          protocol: TCP
        resources: {}
        terminationMessagePath: /dev/termination-log
        terminationMessagePolicy: File
        volumeMounts:
        - mountPath: /config
          name: registration-service
      dnsPolicy: ClusterFirst
      restartPolicy: Always
      serviceAccountName: registration-service
      schedulerName: default-scheduler
      securityContext: {}
      terminationGracePeriodSeconds: 30
      volumes:
      - configMap:
          defaultMode: 420
          name: registration-service
        name: registration-service
---
# Source: manufacturing-core-factory-sno-install/templates/core-service/core-service-is.yaml
apiVersion: image.openshift.io/v1
kind: ImageStream
metadata:
  name: core-service
spec:
  lookupPolicy:
    local: false
  tags:
  - from:
      kind: DockerImage
      name: quay.io/qiotmanufacturing/factory-core
    generation: 2
    importPolicy: {}
    name: latest
    referencePolicy:
      type: Local
---
# Source: manufacturing-core-factory-sno-install/templates/registration-service/registration-service-is.yaml
apiVersion: image.openshift.io/v1
kind: ImageStream
metadata:
  name: registration-service
spec:
  lookupPolicy:
    local: false
  tags:
  - from:
      kind: DockerImage
      name: quay.io/qiotproject/all-registration
    generation: 2
    importPolicy: {}
    name: latest
    referencePolicy:
      type: Local
---
# Source: manufacturing-core-factory-sno-install/templates/registration-service/registration-service-route.yaml
apiVersion: route.openshift.io/v1
kind: Route
metadata:
  name: registration-service
spec:
  port:
    targetPort: 8080-tcp
  to:
    kind: Service
    name: registration-service
    weight: 100
  wildcardPolicy: None
